[36mvite v8.0.0 [32mbuilding client environment for production...[36m[39m
[2K
transforming...Γ£ô 1845 modules transformed.
node.exe : [31mΓ£ù[39m 
Build failed in 1.36s
At line:1 char:1
+ & "C:\Program 
Files\nodejs/node.exe" "C:\Us
ers\Asus\AppData\Roaming\n 
...
+ ~~~~~~~~~~~~~~~~~~~~~~~~~~~
~~~~~~~~~~~~~~~~~~~~~~~~~~~~~
~~~~~~~~~~~~~
    + CategoryInfo           
   : NotSpecified: ([31mΓ£  
  ù[39m Build failed in 1   
 .36s:String) [], RemoteE    
xception
    + FullyQualifiedErrorId  
   : NativeCommandError
 
[31merror during build:
[31mBuild failed with 1 
error:

[plugin vite:css] D:/Codes/Vi
beCodin/MedWeb2.0/client/src/
index.css
Failed to load PostCSS 
config: Failed to load 
PostCSS config (searchPath: D
:/Codes/VibeCodin/MedWeb2.0/c
lient): [Error] Loading 
PostCSS Plugin failed: 
Cannot find module 
'@tailwindcss/postcss'
Require stack:
- D:\Codes\VibeCodin\MedWeb2.
0\client\postcss.config.js

(@D:\Codes\VibeCodin\MedWeb2.
0\client\postcss.config.js)
Error: Loading PostCSS 
Plugin failed: Cannot find 
module '@tailwindcss/postcss'
Require stack:
- D:\Codes\VibeCodin\MedWeb2.
0\client\postcss.config.js

(@D:\Codes\VibeCodin\MedWeb2.
0\client\postcss.config.js)
    at load (file:///D:/Codes
/VibeCodin/MedWeb2.0/client/n
ode_modules/vite/dist/node/ch
unks/node.js:19558:10)
    at async Promise.all 
(index 0)
    at async plugins (file://
/D:/Codes/VibeCodin/MedWeb2.0
/client/node_modules/vite/dis
t/node/chunks/node.js:19580:1
1)
    at async processResult (f
ile:///D:/Codes/VibeCodin/Med
Web2.0/client/node_modules/vi
te/dist/node/chunks/node.js:1
9618:13)[31m
    at aggregateBindingErrors
IntoJsError (file:///D:/Codes
/VibeCodin/MedWeb2.0/client/n
ode_modules/rolldown/dist/sha
red/error-CP8smW_P.mjs:48:18)
    at unwrapBindingResult (f
ile:///D:/Codes/VibeCodin/Med
Web2.0/client/node_modules/ro
lldown/dist/shared/error-CP8s
mW_P.mjs:18:128)
    at #build (file:///D:/Cod
es/VibeCodin/MedWeb2.0/client
/node_modules/rolldown/dist/s
hared/rolldown-build-4YnQkA76
.mjs:3311:34)
    at async 
buildEnvironment (file:///D:/
Codes/VibeCodin/MedWeb2.0/cli
ent/node_modules/vite/dist/no
de/chunks/node.js:32794:64)
    at async Object.build (fi
le:///D:/Codes/VibeCodin/MedW
eb2.0/client/node_modules/vit
e/dist/node/chunks/node.js:33
216:19)
    at async Object.buildApp 
(file:///D:/Codes/VibeCodin/M
edWeb2.0/client/node_modules/
vite/dist/node/chunks/node.js
:33213:153)
    at async CAC.<anonymous> 
(file:///D:/Codes/VibeCodin/M
edWeb2.0/client/node_modules/
vite/dist/node/cli.js:778:3) 
{
  errors: [Getter/Setter]
}[39m
